../Core/Src/main.c:92:5:main	16	static
../Core/Src/main.c:194:6:OneSecond_Show_Potentiometer__ISRFunc	8	static
../Core/Src/main.c:205:6:SystemClock_Config	96	static
../Core/Src/main.c:255:13:MX_ADC2_Init	32	static
../Core/Src/main.c:313:13:MX_TIM15_Init	40	static
../Core/Src/main.c:359:13:MX_TIM16_Init	8	static
../Core/Src/main.c:391:13:MX_TIM17_Init	8	static
../Core/Src/main.c:423:13:MX_USART2_UART_Init	8	static
../Core/Src/main.c:458:13:MX_GPIO_Init	48	static
../Core/Src/main.c:539:1:__io_putchar	16	static
../Core/Src/main.c:550:6:HAL_GPIO_EXTI_Callback	16	static,ignoring_inline_asm
../Core/Src/main.c:573:6:HAL_TIM_PeriodElapsedCallback	16	static
../Core/Src/main.c:609:6:Error_Handler	4	static,ignoring_inline_asm
