../Core/Src/main.c:89:6:OneSecond_Show_Potentiometer__ISRFunc	8	static
../Core/Src/main.c:103:5:main	16	static
../Core/Src/main.c:209:6:SystemClock_Config	96	static
../Core/Src/main.c:259:13:MX_ADC2_Init	32	static
../Core/Src/main.c:317:13:MX_TIM15_Init	40	static
../Core/Src/main.c:363:13:MX_TIM16_Init	8	static
../Core/Src/main.c:395:13:MX_TIM17_Init	8	static
../Core/Src/main.c:427:13:MX_USART2_UART_Init	8	static
../Core/Src/main.c:462:13:MX_GPIO_Init	48	static
../Core/Src/main.c:543:1:__io_putchar	16	static
../Core/Src/main.c:554:6:HAL_GPIO_EXTI_Callback	16	static,ignoring_inline_asm
../Core/Src/main.c:577:6:HAL_TIM_PeriodElapsedCallback	16	static
../Core/Src/main.c:613:6:Error_Handler	4	static,ignoring_inline_asm
